// Jest Snapshot v1, https://goo.gl/fbAQLP

exports[`should render ExpenseListItem 1`] = `
<div
  className="list-item"
>
  <h3>
    QUONK
  </h3>
  <p>
    Atkins
     
    Blackburn
  </p>
  <h4>
    2149.29
     
    GBP
  </h4>
  <p>
    note: 
  </p>
  <div>
    <button
      className="button"
      onClick={[Function]}
    >
      Add Note
    </button>
    <FilePond
      allowMultiple={true}
      instantUpload={true}
      maxFiles={3}
      name="receipt"
      server="http://localhost:3000/expenses/5b995dff2e3cb74644948a66/receipts"
    />
  </div>
  <_default
    handleAddNote={[Function]}
    isOpen={false}
    toggleModal={[Function]}
  />
</div>
`;
