// Jest Snapshot v1, https://goo.gl/fbAQLP

exports[`should render note modal 1`] = `
<Modal
  ariaHideApp={true}
  bodyOpenClassName="ReactModal__Body--open"
  closeTimeoutMS={0}
  contentLabel="Note Modal"
  isOpen={true}
  parentSelector={[Function]}
  portalClassName="ReactModalPortal"
  role="dialog"
  shouldCloseOnEsc={true}
  shouldCloseOnOverlayClick={true}
  shouldFocusAfterRender={true}
  shouldReturnFocusAfterClose={true}
>
  <div>
    Add Note
  </div>
  <div>
    Under 150 characters
  </div>
  <form>
    <textarea
      className="text-area"
      maxLength="150"
      name="comment-text"
      placeholder="Add a note about this purchase"
    />
    <button
      className="button"
    >
      Confirm
    </button>
    <button
      className="button--secondary"
      type="button"
    >
      Cancel
    </button>
  </form>
</Modal>
`;
